// Jest Snapshot v1, https://goo.gl/fbAQLP

exports[`Listing and filtering cities should filter the list of cities 1`] = `[Function]`;

exports[`Listing and filtering cities should have 4 styled components 1`] = `[Function]`;

exports[`Listing and filtering cities should have 4 styled components 2`] = `[Function]`;

exports[`Listing and filtering cities should have 4 styled components 3`] = `[Function]`;

exports[`Listing and filtering cities should have 4 styled components 4`] = `[Function]`;
